// Jest Snapshot v1, https://goo.gl/fbAQLP

exports[`RecipePage Component renders the UI as expected 1`] = `
<div
  className="recipe-page-container"
>
  <div>
    <img
      alt="word cloud from recipe description"
      className="recipe-page-img"
      src={null}
    />
    <h3 />
    <a
      href={null}
      rel="noreferrer"
      target="_blank"
    >
      <h5>
        Clickable Recipe Link
      </h5>
    </a>
    <p>
      Description: 
    </p>
    <p>
      Additional Notes: 
    </p>
  </div>
  <div
    className="buttons"
  >
    <a
      href="/edit/Test_Recipe_Id"
      onClick={[Function]}
    >
      <button>
        Edit
      </button>
    </a>
    <button>
      Delete
    </button>
    <a
      href="/recipes"
      onClick={[Function]}
    >
      <button>
        Back
      </button>
    </a>
  </div>
</div>
`;
