// Jest Snapshot v1, https://goo.gl/fbAQLP

exports[`EditRecipeForm Component renders the UI as expected 1`] = `
<div
  className="edit-recipe-container"
>
  <h3>
    Edit Recipe
  </h3>
  <form
    className="edit-recipe-form"
    onSubmit={[Function]}
  >
    <p
      className="required-field"
    >
      * required field
    </p>
    <section
      className="name"
    >
      <label
        htmlFor="name"
      >
        Recipe Name: * 
      </label>
      <input
        aria-label="recipe name: "
        name="name"
        onChange={[Function]}
        required={true}
        type="text"
        value=""
      />
      
    </section>
    <section
      className="url"
    >
      <label
        htmlFor="url"
      >
        Recipe URL: * 
      </label>
      <input
        aria-label="recipe url: "
        name="url"
        onChange={[Function]}
        required={true}
        type="url"
        value=""
      />
      
    </section>
    <section
      className="notes"
    >
      <label
        htmlFor="notes"
      >
        Notes: * 
      </label>
      <textarea
        aria-label="notes: "
        cols="30"
        name="notes"
        onChange={[Function]}
        required={true}
        rows="5"
        value=""
      />
      
    </section>
    <section
      className="url"
    >
      <label
        htmlFor="img-url"
      >
        Image URL: 
      </label>
      <input
        aria-label="recipe url: "
        name="url"
        onChange={[Function]}
        required={true}
        type="img-url"
        value=""
      />
      
    </section>
    <section
      className="buttons"
    >
      <a
        href="/my-recipes"
        onClick={[Function]}
      >
        <button>
          Cancel
        </button>
      </a>
      <button
        type="submit"
      >
        Save
      </button>
    </section>
  </form>
</div>
`;
