// Jest Snapshot v1, https://goo.gl/fbAQLP

exports[`ErrorBoundary Component renders the UI as expected 1`] = `null`;
